EN clockmodule NULL "C:/Users/Andrew/Documents/ISE Projects/VGA/vga_640x480.vhd" sub00/vhpl01 1480294024
AR clockmodule behavioral "C:/Users/Andrew/Documents/ISE Projects/VGA/vga_640x480.vhd" sub00/vhpl02 1480294025
EN vga_640x480 NULL "C:/Users/Andrew/Documents/ISE Projects/VGA/vga_640x480.vhd" sub00/vhpl00 1480293542
