V3 5
FL "C:/Users/Andrew/Documents/ISE Projects/VGA/vga_640x480.vhd" 2016/11/28.13:39:25 P.20131013
EN work/clockmodule 1480294024 \
      FL "C:/Users/Andrew/Documents/ISE Projects/VGA/vga_640x480.vhd" \
      PB ieee/std_logic_1164 1381692176 PB ieee/std_logic_arith 1381692177 \
      PB ieee/STD_LOGIC_UNSIGNED 1381692179
AR work/clockmodule/Behavioral 1480294025 \
      FL "C:/Users/Andrew/Documents/ISE Projects/VGA/vga_640x480.vhd" \
      EN work/clockmodule 1480294024
