AR clk_gen behavioral "C:/Users/Andrew/Documents/ISE Projects/ssd_multiplex/clk_gen.vhd" sub00/vhpl04 1479090524
EN clk_gen NULL "C:/Users/Andrew/Documents/ISE Projects/ssd_multiplex/clk_gen.vhd" sub00/vhpl03 1479090523
AR ssd_output behavioral "C:/Users/Andrew/Documents/ISE Projects/ssd_multiplex/ssd_output.vhd" sub00/vhpl01 1479090526
EN ssd_output NULL "C:/Users/Andrew/Documents/ISE Projects/ssd_multiplex/ssd_output.vhd" sub00/vhpl00 1479090525
EN scale_clk NULL "C:/Users/Andrew/Documents/ISE Projects/ssd_multiplex/scale_clock.vhd" sub00/vhpl02 1479085814
