V3 3
FL "C:/Users/Andrew/Documents/ISE Projects/Decoder/Decoder.vhd" 2016/01/10.13:25:02 P.20131013
EN work/Decoder 1452390084 \
      FL "C:/Users/Andrew/Documents/ISE Projects/Decoder/Decoder.vhd" \
      PB ieee/std_logic_1164 1381692176
AR work/Decoder/Behavioral 1452390085 \
      FL "C:/Users/Andrew/Documents/ISE Projects/Decoder/Decoder.vhd" \
      EN work/Decoder 1452390084
