AR counter behavioral "C:/Users/Andrew/Documents/ISE Projects/Counter/Counter.vhd" sub00/vhpl03 1477819685
AR ssd_decoder behavioral "C:/Users/Andrew/Documents/ISE Projects/Counter/ssd_decoder.vhd" sub00/vhpl01 1477819683
EN ssd_decoder NULL "C:/Users/Andrew/Documents/ISE Projects/Counter/ssd_decoder.vhd" sub00/vhpl00 1477819682
EN counter NULL "C:/Users/Andrew/Documents/ISE Projects/Counter/Counter.vhd" sub00/vhpl02 1477819684
