V3 3
FL "C:/Users/Andrew/Documents/ISE Projects/printF/printF.vhd" 2016/01/10.22:17:42 P.20131013
EN work/printF 1452417847 \
      FL "C:/Users/Andrew/Documents/ISE Projects/printF/printF.vhd" \
      PB ieee/std_logic_1164 1381692176
AR work/printF/Behavioral 1452417848 \
      FL "C:/Users/Andrew/Documents/ISE Projects/printF/printF.vhd" \
      EN work/printF 1452417847
