V3 3
FL "C:/Users/Andrew/Documents/ISE Projects/Hamsterworks_FPGA_course/module_4/module_4.vhd" 2017/01/26.22:03:46 P.20131013
EN work/module_4 1485421845 \
      FL "C:/Users/Andrew/Documents/ISE Projects/Hamsterworks_FPGA_course/module_4/module_4.vhd" \
      PB ieee/std_logic_1164 1381692176
AR work/module_4/Behavioral 1485421846 \
      FL "C:/Users/Andrew/Documents/ISE Projects/Hamsterworks_FPGA_course/module_4/module_4.vhd" \
      EN work/module_4 1485421845
