V3 3
FL "C:/Users/Andrew/Documents/ISE Projects/subtractor/Subtractor.vhd" 2016/02/06.14:24:11 P.20131013
EN work/Subtractor 1454724374 \
      FL "C:/Users/Andrew/Documents/ISE Projects/subtractor/Subtractor.vhd" \
      PB ieee/std_logic_1164 1381692176
AR work/Subtractor/combinational 1454724375 \
      FL "C:/Users/Andrew/Documents/ISE Projects/subtractor/Subtractor.vhd" \
      EN work/Subtractor 1454724374
